Inspecting a Moshinsky matrix
  relative-cm
 index   0 Nr lr Nc lc   0   0   4   2
 index   1 Nr lr Nc lc   2   0   2   2
 index   2 Nr lr Nc lc   2   2   2   0
 index   3 Nr lr Nc lc   2   2   2   2
 index   4 Nr lr Nc lc   4   2   0   0
  two-body
 index   0 N1 l1 N2 l2   0   0   4   2
 index   1 N1 l1 N2 l2   1   1   3   1
 index   2 N1 l1 N2 l2   1   1   3   3
 index   3 N1 l1 N2 l2   2   0   2   2
 index   4 N1 l1 N2 l2   2   2   2   2
  Moshinsky matrix
        0.25      0.41833     0.273861     0.381881     0.288675
    0.381881     0.273861     -0.41833   -0.0833333    -0.440959
    0.381881    -0.273861      0.41833   -0.0833333    -0.440959
    0.288675 -1.10636e-17  9.76057e-17    -0.440959     0.666667
        0.25     -0.41833    -0.273861     0.381881     0.288675
  Orthogonality test
         0.5  1.38778e-17  4.16334e-17  1.11022e-16            0
 1.38778e-17          0.5            0 -5.55112e-17 -1.38778e-17
 4.16334e-17            0          0.5 -6.93889e-17  6.93889e-17
 1.11022e-16 -5.55112e-17 -6.93889e-17          0.5  1.38778e-17
           0 -1.38778e-17  6.93889e-17  1.38778e-17            1
